Spreadsheet runtime warmup failed during python startup
Traceback (most recent call last):
  File "/tmp/tmp.L2TH2Y5coc/artifact_tool_v2-2.8.22/artifact_tool/patches/warm_spreadsheet_runtime_on_startup.py", line 26, in warm_spreadsheet_runtime_on_startup
  File "/tmp/tmp.L2TH2Y5coc/artifact_tool_v2-2.8.22/artifact_tool/spreadsheet_warmup.py", line 785, in warm_spreadsheet_runtime
  File "/tmp/tmp.L2TH2Y5coc/artifact_tool_v2-2.8.22/artifact_tool/spreadsheet_warmup.py", line 720, in _warm_feature_flows
  File "/tmp/tmp.L2TH2Y5coc/artifact_tool_v2-2.8.22/artifact_tool/spreadsheet_warmup.py", line 704, in _warm_collaboration_flows
  File "/tmp/tmp.L2TH2Y5coc/artifact_tool_v2-2.8.22/artifact_tool/generated/interface/models.py", line 32317, in hydrate_crdt_from_proto
  File "/tmp/tmp.L2TH2Y5coc/artifact_tool_v2-2.8.22/artifact_tool/rpc/remote.py", line 749, in __call__
  File "/tmp/tmp.L2TH2Y5coc/artifact_tool_v2-2.8.22/artifact_tool/rpc/client.py", line 150, in call
artifact_tool.rpc.client.RemoteError: hydrateCrdtFromProto requires an empty collaborative document.
test_add_book (test_library.LibrarySystemTests.test_add_book) ... ok
test_duplicate_active_loan_is_blocked (test_library.LibrarySystemTests.test_duplicate_active_loan_is_blocked) ... ok
test_inactive_member_cannot_borrow (test_library.LibrarySystemTests.test_inactive_member_cannot_borrow) ... ok
test_issue_and_return_book_with_fine (test_library.LibrarySystemTests.test_issue_and_return_book_with_fine) ... ok

----------------------------------------------------------------------
Ran 4 tests in 0.011s

OK
